T  NodeAgent App Scaffold: chat-ui
|
*  created D:\ProjectRecovery\NodeAgent current consumer 20260905\Response recovery Chat app (15 files)
[?25l|
o  npm install
[?25h|
*  install 7.50s
[?25l|
o  npm run agent:demo
[?25h|
*  agent demo 475ms
[?25l|
o  npm run smoke
[?25h|
*  smoke 534ms
[?25l|
o  npm run build
[?25h|
*  build 19.89s
|
*  wrote D:\ProjectRecovery\NodeAgent current consumer 20260905\Response recovery Chat app\.nodeagent\setup-receipt.json
|
o  Chat UI --------------------------------------------------------------------+
|                                                                              |
|  No API keys are required for the first run.                                 |
|  The chat uses assistant-ui, a scripted local adapter, and inline NodeAgent  |
|   tool cards; replace the adapter with a server route when credentials       |
|  exist.                                                                      |
|                                                                              |
|  Auto mode already ran install, agent demo, smoke, and build.                |
|                                                                              |
|                                                                              |
|  Run:                                                                        |
|    cd D:\ProjectRecovery\NodeAgent current consumer 20260905\Response        |
|  recovery Chat app                                                           |
|    npm run dev                                                               |
|                                                                              |
|  Optional verification:                                                      |
|    npm run smoke                                                             |
|                                                                              |
+------------------------------------------------------------------------------+
|
—  Chat UI scaffold is ready.

